../Core/Src/main.c:74:5:main	8	static
../Core/Src/main.c:134:6:SystemClock_Config	128	static
../Core/Src/main.c:186:13:SystemPower_Config	8	static
../Core/Src/main.c:210:13:MX_GPDMA1_Init	16	static
../Core/Src/main.c:238:13:MX_ICACHE_Init	8	static
../Core/Src/main.c:270:13:MX_USART1_UART_Init	8	static
../Core/Src/main.c:318:6:MX_USB_OTG_HS_PCD_Init	8	static
../Core/Src/main.c:353:13:MX_GPIO_Init	16	static
../Core/Src/main.c:378:6:HAL_TIM_PeriodElapsedCallback	16	static
../Core/Src/main.c:395:6:Error_Handler	4	static,ignoring_inline_asm
